[0;32mI (109) esp_image: segment 1: paddr=0001d00c vaddr=3fc92bC:/Users/Benja/OneDrive/Documents/Esp32Precision/ESP32Precision/FlightControl/components/MotorDriver/test/test_MotorDriver.c:34:MotorDriverESP-ROM:esp32s3-20210327
Build:Mar 27 2021
rst:0x15 (USB_UART_CHIP_RESET),boot:0x2e (SPI_FAST_FLASH_BOOT)
Saved PC:0x40048841
SPIWP:0xee
mode:DIO, clock div:1
load:0x3fce3818,len:0x16e0
load:0x403c9700,len:0x4
load:0x403c9704,len:0xc00
load:0x403cc700,len:0x2eb0
entry 0x403c9908
[0;32mI (27) boot: ESP-IDF v5.1 2nd stage bootloader[0m
[0;32mI (27) boot: compile time Aug 29 2023 16:28:41[0m
[0;32mI (27) boot: Multicore bootloader[0m
[0;32mI (30) boot: chip revision: v0.1[0m
[0;32mI (34) boot.esp32s3: Boot SPI Speed : 80MHz[0m
[0;32mI (38) boot.esp32s3: SPI Mode       : DIO[0m
[0;32mI (43) boot.esp32s3: SPI Flash Size : 2MB[0m
[0;32mI (48) boot: Enabling RNG early entropy source...[0m
[0;32mI (53) boot: Partition Table:[0m
[0;32mI (57) boot: ## Label            Usage          Type ST Offset   Length[0m
[0;32mI (64) boot:  0 nvs              WiFi data        01 02 00009000 00006000[0m
[0;32mI (72) boot:  1 phy_init         RF data          01 01 0000f000 00001000[0m
[0;32mI (79) boot:  2 factory          factory app      00 00 00010000 00100000[0m
[0;32mI (87) boot: End of partition table[0m
[0;32mI (91) esp_image: segment 0: paddr=00010020 vaddr=3c020020 size=0cfe4h ( 53220) map[0m
[0;32mI (109) esp_image: segment 1: paddr=0001d00c vaddr=3fc92b00 size=02938h ( 10552) load[0m
[0;32mI (111) esp_image: segment 2: paddr=0001f94c vaddr=40374000 size=006cch (  1740) load[0m
[0;32mI (116) esp_image: segment 3: paddr=00020020 vaddr=42000020 size=1f0c4h (127172) map[0m
[0;32mI (147) esp_image: segment 4: paddr=0003f0ec vaddr=403746cc size=0e364h ( 58212) load[0m
[0;32mI (167) boot: Loaded app from partition at offset 0x10000[0m
[0;32mI (167) boot: Disabling RNG early entropy source...[0m
[0;32mI (178) cpu_start: Multicore app[0m
[0;32mI (178) cpu_start: Pro cpu up.[0m
[0;32mI (179) cpu_start: Starting app cpu, entry point is 0x40375350[0m
[0;32mI (0) cpu_start: App cpu up.[0m
[0;32mI (197) cpu_start: Pro cpu start user code[0m
[0;32mI (197) cpu_start: cpu freq: 160000000 Hz[0m
[0;32mI (197) cpu_start: Application information:[0m
[0;32mI (200) cpu_start: Project name:     flightcontrol_unit_test[0m
[0;32mI (206) cpu_start: App version:      2e473bb-dirty[0m
[0;32mI (212) cpu_start: Compile time:     Aug 29 2023 16:27:58[0m
[0;32mI (218) cpu_start: ELF file SHA256:  76e963f08d30614c...[0m
[0;32mI (224) cpu_start: ESP-IDF:          v5.1[0m
[0;32mI (228) cpu_start: Min chip rev:     v0.0[0m
[0;32mI (233) cpu_start: Max chip rev:     v0.99 [0m
[0;32mI (238) cpu_start: Chip rev:         v0.1[0m
[0;32mI (243) heap_init: Initializing. RAM available for dynamic allocation:[0m
[0;32mI (250) heap_init: At 3FC95D88 len 00053988 (334 KiB): DRAM[0m
[0;32mI (256) heap_init: At 3FCE9710 len 00005724 (21 KiB): STACK/DRAM[0m
[0;32mI (263) heap_init: At 3FCF0000 len 00008000 (32 KiB): DRAM[0m
[0;32mI (269) heap_init: At 600FE010 len 00001FF0 (7 KiB): RTCRAM[0m
[0;32mI (276) spi_flash: detected chip: gd[0m
[0;32mI (279) spi_flash: flash io: dio[0m
[0;33mW (283) spi_flash: Detected size(8192k) larger than the size in the binary image header(2048k). Using the size in the binary image header.[0m
[0;32mI (297) sleep: Configure to isolate all GPIO pins in sleep state[0m
[0;32mI (303) sleep: Enable automatic switching of GPIO sleep configuration[0m
[0;32mI (311) app_start: Starting scheduler on CPU0[0m
[0;32mI (315) app_start: Starting scheduler on CPU1[0m
[0;32mI (315) main_task: Started on CPU0[0m
[0;32mI (325) main_task: Calling app_main()[0m

#### Executing one test by its name #####

Running accel_begin...
[0;32mI (345) LIS2DW12TR: Starting LIS2DW12TR[0m
[0;32mI (345) LIS2DW12TR: WHO_AM_I register: 0x44[0m
C:/Users/Benja/OneDrive/Documents/Esp32Precision/ESP32Precision/FlightControl/components/LIS2DW12/test/test_LIS2DW12.c:7:accel_begin:PASS
Running test read_accel_raw...
C:/Users/Benja/OneDrive/Documents/Esp32Precision/ESP32Precision/FlightControl/components/LIS2DW12/test/test_LIS2DW12.c:13:test read_accel_raw:PASS
Running test set_accel_mode...
C:/Users/Benja/OneDrive/Documents/Esp32Precision/ESP32Precision/FlightControl/components/LIS2DW12/test/test_LIS2DW12.c:19:test set_accel_mode:PASS

-----------------------
3 Tests 0 Failures 0 Ignored 
OK
Running MotorDriver_Init...
[0;32mI (415) MotorDriver: Create DC motor[0m
[0;32mI (415) gpio: GPIO[48]| InputEn: 0| OutputEn: 1| OpenDrain: 0| Pullup: 1| Pulldown: 0| Intr:0 [0m
[0;32mI (415) gpio: GPIO[35]| InputEn: 0| OutputEn: 1| OpenDrain: 0| Pullup: 1| Pulldown: 0| Intr:0 [0m
[0;32mI (425) MotorDriver: Init pcnt driver to decode single pin pulse signal[0m
[0;32mI (435) gpio: GPIO[36]| InputEn: 1| OutputEn: 0| OpenDrain: 0| Pullup: 1| Pulldown: 0| Intr:0 [0m
[0;32mI (445) MotorDriver: Create PID control block[0m
[0;32mI (445) MotorDriver: Create DC motor[0m
[0;32mI (445) gpio: GPIO[37]| InputEn: 0| OutputEn: 1| OpenDrain: 0| Pullup: 1| Pulldown: 0| Intr:0 [0m
[0;32mI (455) gpio: GPIO[38]| InputEn: 0| OutputEn: 1| OpenDrain: 0| Pullup: 1| Pulldown: 0| Intr:0 [0m
[0;32mI (465) MotorDriver: Init pcnt driver to decode single pin pulse signal[0m
[0;32mI (475) gpio: GPIO[39]| InputEn: 1| OutputEn: 0| OpenDrain: 0| Pullup: 1| Pulldown: 0| Intr:0 [0m
[0;32mI (485) MotorDriver: Create PID control block[0m
C:/Users/Benja/OneDrive/Documents/Esp32Precision/ESP32Precision/FlightControl/components/MotorDriver/test/test_MotorDriver.c:14:MotorDriver_Init:PASS
Running MotorDriver_SetPosition...
C:/Users/Benja/OneDrive/Documents/Esp32Precision/ESP32Precision/FlightControl/components/MotorDriver/test/test_MotorDriver.c:34:MotorDriver_SetPosition:FAIL: Expected 100 Was 1070181720

-----------------------
2 Tests 1 Failures 0 Ignored 
FAIL
[0;32mI (535) main_task: Returned from app_main()[0m
